../Core/Src/main.c:61:5:_write	24	static
../Core/Src/main.c:87:7:read_voltage	40	static
../Core/Src/main.c:109:11:read_rsi_values_scan	48	static
../Core/Src/main.c:141:5:main	56	static
../Core/Src/main.c:203:6:SystemClock_Config	88	static
../Core/Src/main.c:251:13:MX_ADC1_Init	24	static
../Core/Src/main.c:332:13:MX_DAC_Init	16	static
../Core/Src/main.c:372:13:MX_TIM2_Init	48	static
../Core/Src/main.c:433:13:MX_USART2_UART_Init	8	static
../Core/Src/main.c:464:13:MX_DMA_Init	16	static
../Core/Src/main.c:482:13:MX_GPIO_Init	48	static
../Core/Src/main.c:522:6:Error_Handler	4	static,ignoring_inline_asm
