../Core/Inc/toggle_pins.h:12:6:toggle_pins	8	static
../Core/Inc/calculate_angles.h:16:14:calculate_angles	80	static
../Core/Src/main.c:104:5:_write	24	static
../Core/Src/main.c:133:7:read_voltage	40	static
../Core/Src/main.c:155:11:read_rsi_values_scan	48	static
../Core/Src/main.c:181:6:perform_fft	56	static
../Core/Src/main.c:216:6:analyze_fft_results	56	static
../Core/Src/main.c:274:6:Read_CPU_Temperature_DMA	24	static
../Core/Src/main.c:285:6:Heater_On	8	static
../Core/Src/main.c:290:6:Heater_Off	8	static
../Core/Src/main.c:295:7:Get_Thermistor_Resistance	16	static
../Core/Src/main.c:299:7:Convert_Resistance_To_Temperature	24	static
../Core/Src/main.c:305:7:Read_Thermistor_Temperature	56	static
../Core/Src/main.c:318:6:Control_Heater	32	static
../Core/Src/main.c:342:5:main	152	static
../Core/Src/main.c:460:6:SystemClock_Config	88	static
../Core/Src/main.c:508:13:MX_ADC1_Init	24	static
../Core/Src/main.c:599:13:MX_ADC2_Init	24	static
../Core/Src/main.c:651:13:MX_ADC3_Init	24	static
../Core/Src/main.c:703:13:MX_DAC_Init	16	static
../Core/Src/main.c:743:13:MX_TIM2_Init	48	static
../Core/Src/main.c:800:13:MX_TIM13_Init	40	static
../Core/Src/main.c:846:13:MX_USART2_UART_Init	8	static
../Core/Src/main.c:877:13:MX_DMA_Init	16	static
../Core/Src/main.c:898:13:MX_GPIO_Init	48	static
../Core/Src/main.c:938:6:Error_Handler	4	static,ignoring_inline_asm
