../Core/Inc/toggle_pins.h:12:6:toggle_pins	8	static
../Core/Inc/calculate_angles.h:16:14:calculate_angles	80	static
../Core/Src/main.c:106:5:_write	24	static
../Core/Src/main.c:136:7:read_voltage	40	static
../Core/Src/main.c:158:11:read_rsi_values_scan	48	static
../Core/Src/main.c:184:6:perform_fft	64	static
../Core/Src/main.c:228:6:analyze_fft_results	56	static
../Core/Src/main.c:286:6:Read_CPU_Temperature_DMA	24	static
../Core/Src/main.c:297:6:Heater_On	8	static
../Core/Src/main.c:302:6:Heater_Off	8	static
../Core/Src/main.c:307:7:Get_Thermistor_Resistance	16	static
../Core/Src/main.c:311:7:Convert_Resistance_To_Temperature	24	static
../Core/Src/main.c:317:7:Read_Thermistor_Temperature	24	static
../Core/Src/main.c:330:6:Control_Heater	16	static
../Core/Src/main.c:345:6:Servo_SetAngle	24	static
../Core/Src/main.c:359:6:Servo_Init	8	static
../Core/Src/main.c:371:5:main	112	static
../Core/Src/main.c:501:6:SystemClock_Config	88	static
../Core/Src/main.c:549:13:MX_ADC1_Init	24	static
../Core/Src/main.c:640:13:MX_ADC2_Init	24	static
../Core/Src/main.c:692:13:MX_ADC3_Init	24	static
../Core/Src/main.c:744:13:MX_DAC_Init	16	static
../Core/Src/main.c:784:13:MX_SPI2_Init	8	static
../Core/Src/main.c:822:13:MX_TIM2_Init	48	static
../Core/Src/main.c:879:13:MX_TIM11_Init	40	static
../Core/Src/main.c:925:13:MX_USART2_UART_Init	8	static
../Core/Src/main.c:956:13:MX_DMA_Init	16	static
../Core/Src/main.c:977:13:MX_GPIO_Init	48	static
../Core/Src/main.c:1027:6:Error_Handler	4	static,ignoring_inline_asm
