../Core/Src/main.c:65:5:_write	24	static
../Core/Src/main.c:93:7:read_voltage	40	static
../Core/Src/main.c:115:11:read_rsi_values_scan	48	static
../Core/Src/main.c:147:5:main	16	static
../Core/Src/main.c:216:6:SystemClock_Config	88	static
../Core/Src/main.c:264:13:MX_ADC1_Init	24	static
../Core/Src/main.c:345:13:MX_ADC2_Init	24	static
../Core/Src/main.c:397:13:MX_ADC3_Init	24	static
../Core/Src/main.c:449:13:MX_DAC_Init	16	static
../Core/Src/main.c:489:13:MX_TIM2_Init	48	static
../Core/Src/main.c:546:13:MX_USART2_UART_Init	8	static
../Core/Src/main.c:577:13:MX_DMA_Init	16	static
../Core/Src/main.c:598:13:MX_GPIO_Init	48	static
../Core/Src/main.c:638:6:Error_Handler	4	static,ignoring_inline_asm
